ARM Linker, 5.03 [Build 76] [MDK-ARM Standard]

==============================================================================

Section Cross References

    main.o(.text) refers to delay.o(.text) for delay_ms
    main.o(.text) refers to cmd_process.o(.text) for axisToAngle
    main.o(.text) refers to os_task.o(.text) for OSTaskSuspend
    main.o(.text) refers to os_sem.o(.text) for OSSemPend
    main.o(.text) refers to fflt_clz.o(x$fpl$fflt) for __aeabi_i2f
    main.o(.text) refers to steer.o(.data) for pwm1_dest
    main.o(.text) refers to main.o(.data) for motor2_Sem
    main.o(.text) refers to motor.o(.bss) for load
    main.o(.text) refers to cmd_queue.o(.text) for queue_reset
    main.o(.text) refers to os_core.o(.text) for OSStatInit
    main.o(.text) refers to os_cpu_a.o(.text) for OS_CPU_SR_Save
    main.o(.text) refers to sys.o(.text) for Stm32_Clock_Init
    main.o(.text) refers to usart.o(.text) for uart_init
    main.o(.text) refers to uart2.o(.text) for uart2_Init
    main.o(.text) refers to led.o(.text) for LED_Init
    main.o(.text) refers to motor.o(.text) for MOTOR_Init
    main.o(.text) refers to steer.o(.text) for steer_Init
    main.o(.text) refers to timer.o(.text) for TIM2_PWM_Init
    main.o(.text) refers to exit.o(.text) for EXTIX_Init
    main.o(.text) refers to noretval__2printf.o(.text) for __2printf
    main.o(.text) refers to malloc.o(.text) for mem_init
    main.o(.text) refers to cmd_process.o(.bss) for cmd_buffer
    main.o(.text) refers to main.o(.bss) for MAIN_TASK_STK
    main.o(.text) refers to cmd_process.o(.data) for update_en
    main.o(.data) refers to main.o(.conststring) for .conststring
    key.o(.text) refers to delay.o(.text) for delay_ms
    key.o(.text) refers to key.o(.data) for key_up
    timer.o(.text) refers to timer.o(.data) for TIM2_ARR
    uart2.o(.text) refers to fflt_clz.o(x$fpl$ffltu) for __aeabi_ui2f
    uart2.o(.text) refers to fdiv.o(x$fpl$fdiv) for __aeabi_fdiv
    uart2.o(.text) refers to ffixu.o(x$fpl$ffixu) for __aeabi_f2uiz
    uart2.o(.text) refers to faddsub_clz.o(x$fpl$frsb) for __aeabi_frsub
    uart2.o(.text) refers to fmul.o(x$fpl$fmul) for __aeabi_fmul
    uart2.o(.text) refers to os_core.o(.text) for OSIntEnter
    uart2.o(.text) refers to cmd_queue.o(.text) for queue_push
    uart2.o(.text) refers to os_sem.o(.text) for OSSemPost
    uart2.o(.text) refers to main.o(.data) for uartRx_Sem
    uart2.o(.text) refers to uart2.o(.data) for i
    exit.o(.text) refers to delay.o(.text) for delay_ms
    exit.o(.text) refers to sys.o(.text) for MY_NVIC_Init
    motor.o(.text) refers to dflt_clz.o(x$fpl$dfltu) for __aeabi_ui2d
    motor.o(.text) refers to dmul.o(x$fpl$dmul) for __aeabi_dmul
    motor.o(.text) refers to d2f.o(x$fpl$d2f) for __aeabi_d2f
    motor.o(.text) refers to sinf.o(i.sinf) for sinf
    motor.o(.text) refers to faddsub_clz.o(x$fpl$fadd) for __aeabi_fadd
    motor.o(.text) refers to f2d.o(x$fpl$f2d) for __aeabi_f2d
    motor.o(.text) refers to ddiv.o(x$fpl$ddiv) for __aeabi_ddiv
    motor.o(.text) refers to dfixu.o(x$fpl$dfixu) for __aeabi_d2uiz
    motor.o(.text) refers to fflt_clz.o(x$fpl$ffltu) for __aeabi_ui2f
    motor.o(.text) refers to fmul.o(x$fpl$fmul) for __aeabi_fmul
    motor.o(.text) refers to ffixu.o(x$fpl$ffixu) for __aeabi_f2uiz
    motor.o(.text) refers to motor.o(.bss) for load
    uart3.o(.text) refers to fflt_clz.o(x$fpl$ffltu) for __aeabi_ui2f
    uart3.o(.text) refers to fdiv.o(x$fpl$fdiv) for __aeabi_fdiv
    uart3.o(.text) refers to ffixu.o(x$fpl$ffixu) for __aeabi_f2uiz
    uart3.o(.text) refers to faddsub_clz.o(x$fpl$frsb) for __aeabi_frsub
    uart3.o(.text) refers to fmul.o(x$fpl$fmul) for __aeabi_fmul
    steer.o(.text) refers to dflt_clz.o(x$fpl$dfltu) for __aeabi_ui2d
    steer.o(.text) refers to dmul.o(x$fpl$dmul) for __aeabi_dmul
    steer.o(.text) refers to ddiv.o(x$fpl$ddiv) for __aeabi_ddiv
    steer.o(.text) refers to d2f.o(x$fpl$d2f) for __aeabi_d2f
    steer.o(.text) refers to f2d.o(x$fpl$f2d) for __aeabi_f2d
    steer.o(.text) refers to dleqf.o(x$fpl$dleqf) for __aeabi_cdcmple
    steer.o(.text) refers to expf.o(i.expf) for expf
    steer.o(.text) refers to powf.o(i.powf) for powf
    steer.o(.text) refers to faddsub_clz.o(x$fpl$fsub) for __aeabi_fsub
    steer.o(.text) refers to drleqf.o(x$fpl$drleqf) for __aeabi_cdrcmple
    steer.o(.text) refers to daddsub_clz.o(x$fpl$drsb) for __aeabi_drsub
    steer.o(.text) refers to faddsub_clz.o(x$fpl$frsb) for __aeabi_frsub
    steer.o(.text) refers to noretval__2printf.o(.text) for __2printf
    steer.o(.text) refers to fflt_clz.o(x$fpl$fflt) for __aeabi_i2f
    steer.o(.text) refers to fmul.o(x$fpl$fmul) for __aeabi_fmul
    steer.o(.text) refers to fflt_clz.o(x$fpl$ffltu) for __aeabi_ui2f
    steer.o(.text) refers to faddsub_clz.o(x$fpl$fadd) for __aeabi_fadd
    steer.o(.text) refers to ffixu.o(x$fpl$ffixu) for __aeabi_f2uiz
    steer.o(.text) refers to steer.o(.bss) for x
    steer.o(.text) refers to steer.o(.data) for pwm0_dest
[...]
    __rt_lib_init_rand_1                     0x080001f1   Thumb Code     0  libinit2.o(.ARM.Collect$$libinit$$0000000C)
    __rt_lib_init_user_alloc_1               0x080001f1   Thumb Code     0  libinit2.o(.ARM.Collect$$libinit$$0000000A)
    __rt_lib_init_lc_collate_1               0x080001f7   Thumb Code     0  libinit2.o(.ARM.Collect$$libinit$$0000000F)
    __rt_lib_init_lc_ctype_2                 0x080001f7   Thumb Code     0  libinit2.o(.ARM.Collect$$libinit$$00000010)
    __rt_lib_init_alloca_1                   0x08000203   Thumb Code     0  libinit2.o(.ARM.Collect$$libinit$$0000002C)
    __rt_lib_init_argv_1                     0x08000203   Thumb Code     0  libinit2.o(.ARM.Collect$$libinit$$0000002A)
    __rt_lib_init_atexit_1                   0x08000203   Thumb Code     0  libinit2.o(.ARM.Collect$$libinit$$00000019)
    __rt_lib_init_clock_1                    0x08000203   Thumb Code     0  libinit2.o(.ARM.Collect$$libinit$$0000001F)
    __rt_lib_init_cpp_1                      0x08000203   Thumb Code     0  libinit2.o(.ARM.Collect$$libinit$$00000030)
    __rt_lib_init_exceptions_1               0x08000203   Thumb Code     0  libinit2.o(.ARM.Collect$$libinit$$0000002E)
    __rt_lib_init_fp_trap_1                  0x08000203   Thumb Code     0  libinit2.o(.ARM.Collect$$libinit$$0000001D)
    __rt_lib_init_getenv_1                   0x08000203   Thumb Code     0  libinit2.o(.ARM.Collect$$libinit$$00000021)
    __rt_lib_init_lc_ctype_1                 0x08000203   Thumb Code     0  libinit2.o(.ARM.Collect$$libinit$$00000011)
    __rt_lib_init_lc_monetary_1              0x08000203   Thumb Code     0  libinit2.o(.ARM.Collect$$libinit$$00000013)
    __rt_lib_init_lc_numeric_1               0x08000203   Thumb Code     0  libinit2.o(.ARM.Collect$$libinit$$00000015)
    __rt_lib_init_lc_time_1                  0x08000203   Thumb Code     0  libinit2.o(.ARM.Collect$$libinit$$00000017)
    __rt_lib_init_return                     0x08000203   Thumb Code     0  libinit2.o(.ARM.Collect$$libinit$$00000031)
    __rt_lib_init_signal_1                   0x08000203   Thumb Code     0  libinit2.o(.ARM.Collect$$libinit$$0000001B)
    __rt_lib_init_stdio_1                    0x08000203   Thumb Code     0  libinit2.o(.ARM.Collect$$libinit$$00000023)
    __rt_lib_shutdown                        0x08000205   Thumb Code     0  libshutdown.o(.ARM.Collect$$libshutdown$$00000000)
    __rt_lib_shutdown_fp_trap_1              0x08000207   Thumb Code     0  libshutdown2.o(.ARM.Collect$$libshutdown$$00000006)
    __rt_lib_shutdown_heap_1                 0x08000207   Thumb Code     0  libshutdown2.o(.ARM.Collect$$libshutdown$$0000000E)
    __rt_lib_shutdown_return                 0x08000207   Thumb Code     0  libshutdown2.o(.ARM.Collect$$libshutdown$$0000000F)
    __rt_lib_shutdown_signal_1               0x08000207   Thumb Code     0  libshutdown2.o(.ARM.Collect$$libshutdown$$00000009)
    __rt_lib_shutdown_stdio_1                0x08000207   Thumb Code     0  libshutdown2.o(.ARM.Collect$$libshutdown$$00000003)
    __rt_lib_shutdown_user_alloc_1           0x08000207   Thumb Code     0  libshutdown2.o(.ARM.Collect$$libshutdown$$0000000B)
    __rt_entry                               0x08000209   Thumb Code     0  rtentry.o(.ARM.Collect$$rtentry$$00000000)
    __rt_entry_presh_1                       0x08000209   Thumb Code     0  rtentry2.o(.ARM.Collect$$rtentry$$00000002)
    __rt_entry_sh                            0x08000209   Thumb Code     0  rtentry4.o(.ARM.Collect$$rtentry$$00000004)
    __rt_entry_li                            0x0800020f   Thumb Code     0  rtentry2.o(.ARM.Collect$$rtentry$$0000000A)
    __rt_entry_postsh_1                      0x0800020f   Thumb Code     0  rtentry2.o(.ARM.Collect$$rtentry$$00000009)
    __rt_entry_main                          0x08000213   Thumb Code     0  rtentry2.o(.ARM.Collect$$rtentry$$0000000D)
    __rt_entry_postli_1                      0x08000213   Thumb Code     0  rtentry2.o(.ARM.Collect$$rtentry$$0000000C)
    __rt_exit                                0x0800021b   Thumb Code     0  rtexit.o(.ARM.Collect$$rtexit$$00000000)
    __rt_exit_ls                             0x0800021d   Thumb Code     0  rtexit2.o(.ARM.Collect$$rtexit$$00000003)
    __rt_exit_prels_1                        0x0800021d   Thumb Code     0  rtexit2.o(.ARM.Collect$$rtexit$$00000002)
    __rt_exit_exit                           0x08000221   Thumb Code     0  rtexit2.o(.ARM.Collect$$rtexit$$00000004)
    WFI_SET                                  0x08000229   Thumb Code     2  sys.o(.emb_text)
    INTX_DISABLE                             0x0800022b   Thumb Code     2  sys.o(.emb_text)
    INTX_ENABLE                              0x0800022d   Thumb Code     2  sys.o(.emb_text)
    MSR_MSP                                  0x0800022f   Thumb Code     6  sys.o(.emb_text)
    armDrop                                  0x08000235   Thumb Code   172  main.o(.text)
    armGrab                                  0x080002e1   Thumb Code    68  main.o(.text)
    armCapture                               0x08000325   Thumb Code   126  main.o(.text)
    Motor1Task                               0x080003a3   Thumb Code   464  main.o(.text)
    MotorTask                                0x08000573   Thumb Code   492  main.o(.text)
    MainTask                                 0x0800075f   Thumb Code    76  main.o(.text)
    StartTask                                0x080007ab   Thumb Code   104  main.o(.text)
    main                                     0x08000813   Thumb Code   124  main.o(.text)
    tmr1_callback                            0x0800088f   Thumb Code    18  main.o(.text)
    LED_Init                                 0x08000905   Thumb Code   142  led.o(.text)
    TIM2_PWM_Init                            0x080009a1   Thumb Code   226  timer.o(.text)
    TIM1_Init                                0x08000a83   Thumb Code   222  timer.o(.text)
    TIM2_IRQHandler                          0x08000b61   Thumb Code    92  timer.o(.text)
    uart2_Init                               0x08000be1   Thumb Code   212  uart2.o(.text)
    USART2_IRQHandler                        0x08000cb5   Thumb Code    46  uart2.o(.text)
    uart2SendStr                             0x08000d11   Thumb Code    24  uart2.o(.text)
    Uart2SendChar                            0x08000d29   Thumb Code    22  uart2.o(.text)
    EXTI0_IRQHandler                         0x08000d61   Thumb Code    80  exit.o(.text)
    EXTI15_10_IRQHandler                     0x08000db1   Thumb Code    62  exit.o(.text)
    EXTIX_Init                               0x08000def   Thumb Code   108  exit.o(.text)
    MOTOR_Init                               0x08000e7d   Thumb Code   356  motor.o(.text)
    uart3_Init                               0x08001021   Thumb Code   212  uart3.o(.text)
    USART3_IRQHandler                        0x080010f5   Thumb Code    22  uart3.o(.text)
    uart3SendStr                             0x08001123   Thumb Code    24  uart3.o(.text)
    steer_Init                               0x08001151   Thumb Code   648  steer.o(.text)
    yfunc                                    0x080013d9   Thumb Code   162  steer.o(.text)
    arryDist                                 0x0800147b   Thumb Code   532  steer.o(.text)
    arryDist_2                               0x0800168f   Thumb Code   414  steer.o(.text)
    TIM3_IRQHandler                          0x0800182d   Thumb Code   658  steer.o(.text)
    TIM4_IRQHandler                          0x08001abf   Thumb Code   474  steer.o(.text)
    TIM5_IRQHandler                          0x08001c99   Thumb Code   302  steer.o(.text)
    NotifyTimer                              0x08001e3d   Thumb Code     2  cmd_process.o(.text)
    NotifySelector                           0x08001e3f   Thumb Code     2  cmd_process.o(.text)
    NotifyMenu                               0x08001e41   Thumb Code    44  cmd_process.o(.text)
    NotifyMeter                              0x08001e6d   Thumb Code     2  cmd_process.o(.text)
    NotifySlider                             0x08001e6f   Thumb Code    14  cmd_process.o(.text)
    NotifyProgress                           0x08001e7d   Thumb Code     2  cmd_process.o(.text)
    StringToint                              0x08001e7f   Thumb Code    22  cmd_process.o(.text)
    NotifyText                               0x08001e95   Thumb Code   156  cmd_process.o(.text)
    SetTextValueint                          0x08001f31   Thumb Code    38  cmd_process.o(.text)
    axisToAngle_2                            0x08001f57   Thumb Code  1432  cmd_process.o(.text)
    axisToAngle                              0x080024ef   Thumb Code  1464  cmd_process.o(.text)
    NotifyButton                             0x08002aa7   Thumb Code   368  cmd_process.o(.text)
    NotifyReadFlash                          0x08002c17   Thumb Code     2  cmd_process.o(.text)
    NotifyWriteFlash                         0x08002c19   Thumb Code     2  cmd_process.o(.text)
    NotifyTouchXY                            0x08002c1b   Thumb Code     2  cmd_process.o(.text)
    NotifyScreen                             0x08002c1d   Thumb Code     2  cmd_process.o(.text)
    ProcessMessage                           0x08002c1f   Thumb Code   348  cmd_process.o(.text)
    UpdateUI                                 0x08002d7b   Thumb Code    52  cmd_process.o(.text)
    queue_reset                              0x08002dd5   Thumb Code    18  cmd_queue.o(.text)
    queue_push                               0x08002de7   Thumb Code    42  cmd_queue.o(.text)
    queue_find_cmd                           0x08002e57   Thumb Code   204  cmd_queue.o(.text)
    test                                     0x08002f31   Thumb Code    58  hmi_driver.o(.text)
    DelayMS                                  0x08002f6b   Thumb Code    24  hmi_driver.o(.text)
    SendStrings                              0x08002f83   Thumb Code    22  hmi_driver.o(.text)
    SendNU8                                  0x08002f99   Thumb Code    26  hmi_driver.o(.text)
    SendNU16                                 0x08002fb3   Thumb Code    38  hmi_driver.o(.text)
    SetHandShake                             0x08002fd9   Thumb Code    40  hmi_driver.o(.text)
    SetFcolor                                0x08003001   Thumb Code    54  hmi_driver.o(.text)
    SetBcolor                                0x08003037   Thumb Code    54  hmi_driver.o(.text)
    ColorPicker                              0x0800306d   Thumb Code    76  hmi_driver.o(.text)
    GUI_CleanScreen                          0x080030b9   Thumb Code    40  hmi_driver.o(.text)
    SetTextSpace                             0x080030e1   Thumb Code    56  hmi_driver.o(.text)
    SetFont_Region                           0x08003119   Thumb Code    76  hmi_driver.o(.text)
    SetFilterColor                           0x08003165   Thumb Code    68  hmi_driver.o(.text)
    DisText                                  0x080031a9   Thumb Code    98  hmi_driver.o(.text)
    DisCursor                                0x0800320b   Thumb Code   100  hmi_driver.o(.text)
    DisFull_Image                            0x0800326f   Thumb Code    62  hmi_driver.o(.text)
    DisArea_Image                            0x080032ad   Thumb Code    94  hmi_driver.o(.text)
    DisCut_Image                             0x0800330b   Thumb Code   164  hmi_driver.o(.text)
    DisFlashImage                            0x080033af   Thumb Code   106  hmi_driver.o(.text)
    GUI_Dot                                  0x08003419   Thumb Code    68  hmi_driver.o(.text)
    GUI_Line                                 0x0800345d   Thumb Code   100  hmi_driver.o(.text)
    GUI_ConDots                              0x080034c1   Thumb Code    66  hmi_driver.o(.text)
    GUI_ConSpaceDots                         0x08003503   Thumb Code    84  hmi_driver.o(.text)
    GUI_FcolorConOffsetDots                  0x08003557   Thumb Code    84  hmi_driver.o(.text)
    GUI_BcolorConOffsetDots                  0x080035ab   Thumb Code    84  hmi_driver.o(.text)
    SetPowerSaving                           0x080035ff   Thumb Code    76  hmi_driver.o(.text)
    GUI_FcolorConDots                        0x0800364b   Thumb Code    58  hmi_driver.o(.text)
    GUI_BcolorConDots                        0x08003685   Thumb Code    58  hmi_driver.o(.text)
    GUI_Circle                               0x080036bf   Thumb Code    82  hmi_driver.o(.text)
    GUI_CircleFill                           0x08003711   Thumb Code    82  hmi_driver.o(.text)
    GUI_Arc                                  0x08003763   Thumb Code   120  hmi_driver.o(.text)
    GUI_Rectangle                            0x080037db   Thumb Code   100  hmi_driver.o(.text)
    GUI_RectangleFill                        0x0800383f   Thumb Code   100  hmi_driver.o(.text)
    GUI_Ellipse                              0x080038a3   Thumb Code   100  hmi_driver.o(.text)
    GUI_EllipseFill                          0x08003907   Thumb Code   100  hmi_driver.o(.text)
    SetBackLight                             0x0800396b   Thumb Code    48  hmi_driver.o(.text)
    SetBuzzer                                0x0800399b   Thumb Code    48  hmi_driver.o(.text)
    GUI_AreaInycolor                         0x080039cb   Thumb Code   100  hmi_driver.o(.text)
    SetTouchPaneOption                       0x08003a2f   Thumb Code    92  hmi_driver.o(.text)
    CalibrateTouchPane                       0x08003a8b   Thumb Code    40  hmi_driver.o(.text)
    TestTouchPane                            0x08003ab3   Thumb Code    40  hmi_driver.o(.text)
    LockDeviceConfig                         0x08003adb   Thumb Code    64  hmi_driver.o(.text)
    UnlockDeviceConfig                       0x08003b1b   Thumb Code    64  hmi_driver.o(.text)
    SetCommBps                               0x08003b5b   Thumb Code    48  hmi_driver.o(.text)
    WriteLayer                               0x08003b8b   Thumb Code    48  hmi_driver.o(.text)
    DisplyLayer                              0x08003bbb   Thumb Code    48  hmi_driver.o(.text)
    CopyLayer                                0x08003beb   Thumb Code    56  hmi_driver.o(.text)
    ClearLayer                               0x08003c23   Thumb Code    48  hmi_driver.o(.text)
    GUI_DispRTC                              0x08003c53   Thumb Code   118  hmi_driver.o(.text)
    WriteUserFlash                           0x08003cc9   Thumb Code    82  hmi_driver.o(.text)
    ReadUserFlash                            0x08003d1b   Thumb Code    84  hmi_driver.o(.text)
    GetScreen                                0x08003d6f   Thumb Code    46  hmi_driver.o(.text)
    SetScreen                                0x08003d9d   Thumb Code    60  hmi_driver.o(.text)
    SetScreenUpdateEnable                    0x08003dd9   Thumb Code    48  hmi_driver.o(.text)
    SetControlFocus                          0x08003e09   Thumb Code    82  hmi_driver.o(.text)
    SetControlVisiable                       0x08003e5b   Thumb Code    82  hmi_driver.o(.text)
    SetControlEnable                         0x08003ead   Thumb Code    82  hmi_driver.o(.text)
    SetButtonValue                           0x08003eff   Thumb Code    82  hmi_driver.o(.text)
    SetTextValue                             0x08003f51   Thumb Code    82  hmi_driver.o(.text)
    SetProgressValue                         0x08003fa3   Thumb Code   104  hmi_driver.o(.text)
    SetMeterValue                            0x0800400b   Thumb Code   104  hmi_driver.o(.text)
    SetSliderValue                           0x08004073   Thumb Code   104  hmi_driver.o(.text)
    SetSelectorValue                         0x080040db   Thumb Code    82  hmi_driver.o(.text)
    GetControlValue                          0x0800412d   Thumb Code    74  hmi_driver.o(.text)
    AnimationStart                           0x08004177   Thumb Code    74  hmi_driver.o(.text)
    AnimationStop                            0x080041c1   Thumb Code    74  hmi_driver.o(.text)
    AnimationPause                           0x0800420b   Thumb Code    74  hmi_driver.o(.text)
    AnimationPlayFrame                       0x08004255   Thumb Code    82  hmi_driver.o(.text)
    AnimationPlayPrev                        0x080042a7   Thumb Code    74  hmi_driver.o(.text)
    AnimationPlayNext                        0x080042f1   Thumb Code    74  hmi_driver.o(.text)
    GraphChannelAdd                          0x0800433b   Thumb Code   100  hmi_driver.o(.text)
    GraphChannelDel                          0x0800439f   Thumb Code    82  hmi_driver.o(.text)
    GraphChannelDataAdd                      0x080043f1   Thumb Code   110  hmi_driver.o(.text)
    GraphChannelDataClear                    0x0800445f   Thumb Code    82  hmi_driver.o(.text)
    GraphSetViewport                         0x080044b1   Thumb Code   144  hmi_driver.o(.text)
    BatchBegin                               0x08004541   Thumb Code    36  hmi_driver.o(.text)
    BatchSetButtonValue                      0x08004565   Thumb Code    38  hmi_driver.o(.text)
    BatchSetProgressValue                    0x0800458b   Thumb Code    60  hmi_driver.o(.text)
    BatchSetSliderValue                      0x080045c7   Thumb Code    60  hmi_driver.o(.text)
    BatchSetMeterValue                       0x08004603   Thumb Code    60  hmi_driver.o(.text)
    GetStringLen                             0x0800463f   Thumb Code    18  hmi_driver.o(.text)
    BatchSetText                             0x08004651   Thumb Code    56  hmi_driver.o(.text)
    BatchSetFrame                            0x08004689   Thumb Code    44  hmi_driver.o(.text)
    BatchEnd                                 0x080046b5   Thumb Code    28  hmi_driver.o(.text)
    SeTimer                                  0x080046d1   Thumb Code   104  hmi_driver.o(.text)
    StartTimer                               0x08004739   Thumb Code    74  hmi_driver.o(.text)
    StopTimer                                0x08004783   Thumb Code    74  hmi_driver.o(.text)
    PauseTimer                               0x080047cd   Thumb Code    74  hmi_driver.o(.text)
    SetControlBackColor                      0x08004817   Thumb Code    88  hmi_driver.o(.text)
    SetControlForeColor                      0x0800486f   Thumb Code    88  hmi_driver.o(.text)
    ShowPopupMenu                            0x080048c7   Thumb Code   100  hmi_driver.o(.text)
    ShowKeyboard                             0x0800492b   Thumb Code   108  hmi_driver.o(.text)
    OS_TaskStatStkChk                        0x08004999   Thumb Code    54  os_core.o(.text)
    OS_TaskStat                              0x080049cf   Thumb Code   116  os_core.o(.text)
    OS_TaskIdle                              0x08004a77   Thumb Code    34  os_core.o(.text)
    OS_MemClr                                0x08004acd   Thumb Code    18  os_core.o(.text)
    OSInit                                   0x08004beb   Thumb Code    48  os_core.o(.text)
    OSIntEnter                               0x08004c1b   Thumb Code    28  os_core.o(.text)
    OSIntExit                                0x08004c51   Thumb Code   112  os_core.o(.text)
    OSSchedLock                              0x08004cc1   Thumb Code    50  os_core.o(.text)
    OS_Sched                                 0x08004cf3   Thumb Code    88  os_core.o(.text)
    OSSchedUnlock                            0x08004d4b   Thumb Code   238  os_core.o(.text)
    OSStart                                  0x08004e39   Thumb Code    48  os_core.o(.text)
    OSStatInit                               0x08004e69   Thumb Code    62  os_core.o(.text)
    OSTimeTick                               0x08004ea7   Thumb Code   218  os_core.o(.text)
    OSVersion                                0x08004f81   Thumb Code     6  os_core.o(.text)
    OS_Dummy                                 0x08004f87   Thumb Code     2  os_core.o(.text)
    OS_EventTaskRemove                       0x08004f89   Thumb Code    42  os_core.o(.text)
    OS_EventTaskRdy                          0x08004fb3   Thumb Code   118  os_core.o(.text)
    OS_EventTaskWait                         0x08005029   Thumb Code   112  os_core.o(.text)
    OS_EventWaitListInit                     0x08005099   Thumb Code    28  os_core.o(.text)
    OS_MemCopy                               0x080050b5   Thumb Code    20  os_core.o(.text)
    OS_StrLen                                0x080050c9   Thumb Code    20  os_core.o(.text)
    OS_TCBInit                               0x080050dd   Thumb Code   294  os_core.o(.text)
    OSFlagAccept                             0x08005249   Thumb Code   252  os_flag.o(.text)
    OSFlagCreate                             0x08005345   Thumb Code    86  os_flag.o(.text)
    OS_FlagUnlink                            0x0800539b   Thumb Code    36  os_flag.o(.text)
    OSFlagDel                                0x0800541f   Thumb Code   214  os_flag.o(.text)
    OSFlagNameGet                            0x080054f5   Thumb Code    80  os_flag.o(.text)
    OSFlagNameSet                            0x08005545   Thumb Code    66  os_flag.o(.text)
    OSFlagPend                               0x0800561f   Thumb Code   614  os_flag.o(.text)
    OSFlagPendGetFlagsRdy                    0x08005885   Thumb Code    26  os_flag.o(.text)
    OSFlagPost                               0x0800589f   Thumb Code   312  os_flag.o(.text)
    OSFlagQuery                              0x080059d7   Thumb Code    48  os_flag.o(.text)
    OS_FlagInit                              0x08005a07   Thumb Code    78  os_flag.o(.text)
    OSQAccept                                0x08005a61   Thumb Code    88  os_q.o(.text)
    OSQCreate                                0x08005ab9   Thumb Code   140  os_q.o(.text)
    OSQDel                                   0x08005b45   Thumb Code   236  os_q.o(.text)
    OSQFlush                                 0x08005c31   Thumb Code    36  os_q.o(.text)
    OSQPend                                  0x08005c55   Thumb Code   272  os_q.o(.text)
    OSQPendAbort                             0x08005d65   Thumb Code   128  os_q.o(.text)
    OSQPost                                  0x08005de5   Thumb Code   114  os_q.o(.text)
    OSQPostFront                             0x08005e57   Thumb Code   136  os_q.o(.text)
    OSQPostOpt                               0x08005edf   Thumb Code   182  os_q.o(.text)
    OSQQuery                                 0x08005f95   Thumb Code    98  os_q.o(.text)
    OS_QInit                                 0x08005ff7   Thumb Code    72  os_q.o(.text)
    OSSemAccept                              0x08006049   Thumb Code    42  os_sem.o(.text)
    OSSemCreate                              0x08006073   Thumb Code    68  os_sem.o(.text)
    OSSemDel                                 0x080060b7   Thumb Code   200  os_sem.o(.text)
    OSSemPend                                0x0800617f   Thumb Code   222  os_sem.o(.text)
    OSSemPendAbort                           0x0800625d   Thumb Code   128  os_sem.o(.text)
    OSSemPost                                0x080062dd   Thumb Code    88  os_sem.o(.text)
    OSSemQuery                               0x08006335   Thumb Code    76  os_sem.o(.text)
    OSSemSet                                 0x08006381   Thumb Code    66  os_sem.o(.text)
    OSTaskChangePrio                         0x080063d5   Thumb Code   310  os_task.o(.text)
    OSTaskCreate                             0x0800650b   Thumb Code   148  os_task.o(.text)
    OS_TaskStkClr                            0x0800659f   Thumb Code    26  os_task.o(.text)
    OSTaskCreateExt                          0x080065b9   Thumb Code   170  os_task.o(.text)
    OSTaskDel                                0x08006663   Thumb Code   294  os_task.o(.text)
    OSTaskDelReq                             0x08006789   Thumb Code   146  os_task.o(.text)
    OSTaskNameGet                            0x0800681b   Thumb Code   114  os_task.o(.text)
    OSTaskNameSet                            0x0800688d   Thumb Code    98  os_task.o(.text)
    OSTaskResume                             0x080068ef   Thumb Code   160  os_task.o(.text)
    OSTaskStkChk                             0x0800698f   Thumb Code   132  os_task.o(.text)
    OSTaskSuspend                            0x08006a13   Thumb Code   152  os_task.o(.text)
    OSTaskQuery                              0x08006aab   Thumb Code    82  os_task.o(.text)
    OSTaskRegGet                             0x08006afd   Thumb Code    60  os_task.o(.text)
    OSTaskRegSet                             0x08006b39   Thumb Code    62  os_task.o(.text)
    OS_TaskReturn                            0x08006b77   Thumb Code    18  os_task.o(.text)
    OSTimeDly                                0x08006ba1   Thumb Code   100  os_time.o(.text)
    OSTimeDlyHMSM                            0x08006c05   Thumb Code    86  os_time.o(.text)
    OSTimeDlyResume                          0x08006c5b   Thumb Code   176  os_time.o(.text)
    OSTimeGet                                0x08006d0b   Thumb Code    24  os_time.o(.text)
    OSTimeSet                                0x08006d23   Thumb Code    24  os_time.o(.text)
    OSTmrCreate                              0x08006d8b   Thumb Code    96  os_tmr.o(.text)
    OSTmrDel                                 0x08006e63   Thumb Code   124  os_tmr.o(.text)
    OSTmrNameGet                             0x08006edf   Thumb Code   114  os_tmr.o(.text)
    OSTmrRemainGet                           0x08006f51   Thumb Code   164  os_tmr.o(.text)
    OSTmrStateGet                            0x08006ff5   Thumb Code    86  os_tmr.o(.text)
    OSTmrStart                               0x080070af   Thumb Code   128  os_tmr.o(.text)
    OSTmrStop                                0x0800712f   Thumb Code   210  os_tmr.o(.text)
    OSTmrSignal                              0x08007201   Thumb Code    16  os_tmr.o(.text)
    OSTmr_Init                               0x080072b5   Thumb Code   152  os_tmr.o(.text)
    OS_CPU_SR_Save                           0x0800738d   Thumb Code     0  os_cpu_a.o(.text)
    OS_CPU_SR_Restore                        0x08007395   Thumb Code     0  os_cpu_a.o(.text)
    OSStartHighRdy                           0x0800739b   Thumb Code     0  os_cpu_a.o(.text)
    OSCtxSw                                  0x080073bd   Thumb Code     0  os_cpu_a.o(.text)
    OSIntCtxSw                               0x080073cb   Thumb Code     0  os_cpu_a.o(.text)
    PendSV_Handler                           0x080073db   Thumb Code     0  os_cpu_a.o(.text)
    OSInitHookBegin                          0x08007441   Thumb Code     8  os_cpu_c.o(.text)
    OSInitHookEnd                            0x08007449   Thumb Code     2  os_cpu_c.o(.text)
    OSTaskCreateHook                         0x0800744b   Thumb Code     2  os_cpu_c.o(.text)
    OSTaskDelHook                            0x0800744d   Thumb Code     2  os_cpu_c.o(.text)
    OSTaskIdleHook                           0x0800744f   Thumb Code     2  os_cpu_c.o(.text)
    OSTaskStatHook                           0x08007451   Thumb Code     2  os_cpu_c.o(.text)
    OSTaskStkInit                            0x08007453   Thumb Code   154  os_cpu_c.o(.text)
    OSTaskSwHook                             0x080074ed   Thumb Code     2  os_cpu_c.o(.text)
    OSTCBInitHook                            0x080074ef   Thumb Code     2  os_cpu_c.o(.text)
    OSTimeTickHook                           0x080074f1   Thumb Code    30  os_cpu_c.o(.text)
    OSTaskReturnHook                         0x0800750f   Thumb Code     2  os_cpu_c.o(.text)
    mymemcpy                                 0x08007515   Thumb Code    26  malloc.o(.text)
    mymemset                                 0x0800752f   Thumb Code    20  malloc.o(.text)
    mem_init                                 0x08007543   Thumb Code    54  malloc.o(.text)
    mem_perused                              0x08007579   Thumb Code    54  malloc.o(.text)
    mem_malloc                               0x080075af   Thumb Code   162  malloc.o(.text)
    mem_free                                 0x08007651   Thumb Code    94  malloc.o(.text)
    myfree                                   0x080076af   Thumb Code    32  malloc.o(.text)
    mymalloc                                 0x080076cf   Thumb Code    34  malloc.o(.text)
    myrealloc                                0x080076f1   Thumb Code    66  malloc.o(.text)
    SysTick_Handler                          0x08007745   Thumb Code    16  delay.o(.text)
    delay_init                               0x08007755   Thumb Code    82  delay.o(.text)
    delay_us                                 0x080077a7   Thumb Code    86  delay.o(.text)
    delay_ms                                 0x080077fd   Thumb Code    62  delay.o(.text)
    MY_NVIC_SetVectorTable                   0x08007849   Thumb Code    12  sys.o(.text)
    MY_NVIC_PriorityGroupConfig              0x08007855   Thumb Code    36  sys.o(.text)
    MY_NVIC_Init                             0x08007879   Thumb Code   156  sys.o(.text)
    Ex_NVIC_Config                           0x08007915   Thumb Code   146  sys.o(.text)
    MYRCC_DeInit                             0x080079a7   Thumb Code    90  sys.o(.text)
    Sys_Standby                              0x08007a01   Thumb Code    68  sys.o(.text)
    Sys_Soft_Reset                           0x08007a45   Thumb Code    12  sys.o(.text)
    JTAG_Set                                 0x08007a51   Thumb Code    42  sys.o(.text)
    Stm32_Clock_Init                         0x08007a7b   Thumb Code   130  sys.o(.text)
    _sys_exit                                0x08007b31   Thumb Code     6  usart.o(.text)
    fputc                                    0x08007b37   Thumb Code    22  usart.o(.text)
    USART1_IRQHandler                        0x08007b4d   Thumb Code    30  usart.o(.text)
    uart_init                                0x08007b6b   Thumb Code   214  usart.o(.text)
    SendChar                                 0x08007c41   Thumb Code    20  usart.o(.text)
    SystemInit_ExtMemCtl                     0x08007c65   Thumb Code     2  startup_stm32f10x_hd.o(.text)
    Reset_Handler                            0x08007c67   Thumb Code    14  startup_stm32f10x_hd.o(.text)
    NMI_Handler                              0x08007c75   Thumb Code     2  startup_stm32f10x_hd.o(.text)
    HardFault_Handler                        0x08007c77   Thumb Code     2  startup_stm32f10x_hd.o(.text)
    MemManage_Handler                        0x08007c79   Thumb Code     2  startup_stm32f10x_hd.o(.text)
    BusFault_Handler                         0x08007c7b   Thumb Code     2  startup_stm32f10x_hd.o(.text)
    UsageFault_Handler                       0x08007c7d   Thumb Code     2  startup_stm32f10x_hd.o(.text)
    SVC_Handler                              0x08007c7f   Thumb Code     2  startup_stm32f10x_hd.o(.text)
    DebugMon_Handler                         0x08007c81   Thumb Code     2  startup_stm32f10x_hd.o(.text)
    ADC1_2_IRQHandler                        0x08007c87   Thumb Code     0  startup_stm32f10x_hd.o(.text)
    ADC3_IRQHandler                          0x08007c87   Thumb Code     0  startup_stm32f10x_hd.o(.text)
    CAN1_RX1_IRQHandler                      0x08007c87   Thumb Code     0  startup_stm32f10x_hd.o(.text)
    CAN1_SCE_IRQHandler                      0x08007c87   Thumb Code     0  startup_stm32f10x_hd.o(.text)
    DMA1_Channel1_IRQHandler                 0x08007c87   Thumb Code     0  startup_stm32f10x_hd.o(.text)
    DMA1_Channel2_IRQHandler                 0x08007c87   Thumb Code     0  startup_stm32f10x_hd.o(.text)
    DMA1_Channel3_IRQHandler                 0x08007c87   Thumb Code     0  startup_stm32f10x_hd.o(.text)
    DMA1_Channel4_IRQHandler                 0x08007c87   Thumb Code     0  startup_stm32f10x_hd.o(.text)
    DMA1_Channel5_IRQHandler                 0x08007c87   Thumb Code     0  startup_stm32f10x_hd.o(.text)
    DMA1_Channel6_IRQHandler                 0x08007c87   Thumb Code     0  startup_stm32f10x_hd.o(.text)
    DMA1_Channel7_IRQHandler                 0x08007c87   Thumb Code     0  startup_stm32f10x_hd.o(.text)
    DMA2_Channel1_IRQHandler                 0x08007c87   Thumb Code     0  startup_stm32f10x_hd.o(.text)
    DMA2_Channel2_IRQHandler                 0x08007c87   Thumb Code     0  startup_stm32f10x_hd.o(.text)
    DMA2_Channel3_IRQHandler                 0x08007c87   Thumb Code     0  startup_stm32f10x_hd.o(.text)
    DMA2_Channel4_5_IRQHandler               0x08007c87   Thumb Code     0  startup_stm32f10x_hd.o(.text)
    EXTI1_IRQHandler                         0x08007c87   Thumb Code     0  startup_stm32f10x_hd.o(.text)
    EXTI2_IRQHandler                         0x08007c87   Thumb Code     0  startup_stm32f10x_hd.o(.text)
    EXTI3_IRQHandler                         0x08007c87   Thumb Code     0  startup_stm32f10x_hd.o(.text)
    EXTI4_IRQHandler                         0x08007c87   Thumb Code     0  startup_stm32f10x_hd.o(.text)
    EXTI9_5_IRQHandler                       0x08007c87   Thumb Code     0  startup_stm32f10x_hd.o(.text)
    FLASH_IRQHandler                         0x08007c87   Thumb Code     0  startup_stm32f10x_hd.o(.text)
    FSMC_IRQHandler                          0x08007c87   Thumb Code     0  startup_stm32f10x_hd.o(.text)
    I2C1_ER_IRQHandler                       0x08007c87   Thumb Code     0  startup_stm32f10x_hd.o(.text)
    I2C1_EV_IRQHandler                       0x08007c87   Thumb Code     0  startup_stm32f10x_hd.o(.text)
    I2C2_ER_IRQHandler                       0x08007c87   Thumb Code     0  startup_stm32f10x_hd.o(.text)
    I2C2_EV_IRQHandler                       0x08007c87   Thumb Code     0  startup_stm32f10x_hd.o(.text)
    PVD_IRQHandler                           0x08007c87   Thumb Code     0  startup_stm32f10x_hd.o(.text)
    RCC_IRQHandler                           0x08007c87   Thumb Code     0  startup_stm32f10x_hd.o(.text)
    RTCAlarm_IRQHandler                      0x08007c87   Thumb Code     0  startup_stm32f10x_hd.o(.text)
    RTC_IRQHandler                           0x08007c87   Thumb Code     0  startup_stm32f10x_hd.o(.text)
    SDIO_IRQHandler                          0x08007c87   Thumb Code     0  startup_stm32f10x_hd.o(.text)
    SPI1_IRQHandler                          0x08007c87   Thumb Code     0  startup_stm32f10x_hd.o(.text)
    SPI2_IRQHandler                          0x08007c87   Thumb Code     0  startup_stm32f10x_hd.o(.text)
    SPI3_IRQHandler                          0x08007c87   Thumb Code     0  startup_stm32f10x_hd.o(.text)
    TAMPER_IRQHandler                        0x08007c87   Thumb Code     0  startup_stm32f10x_hd.o(.text)
    TIM1_BRK_IRQHandler                      0x08007c87   Thumb Code     0  startup_stm32f10x_hd.o(.text)
    TIM1_CC_IRQHandler                       0x08007c87   Thumb Code     0  startup_stm32f10x_hd.o(.text)
    TIM1_TRG_COM_IRQHandler                  0x08007c87   Thumb Code     0  startup_stm32f10x_hd.o(.text)
    TIM1_UP_IRQHandler                       0x08007c87   Thumb Code     0  startup_stm32f10x_hd.o(.text)
    TIM6_IRQHandler                          0x08007c87   Thumb Code     0  startup_stm32f10x_hd.o(.text)
    TIM7_IRQHandler                          0x08007c87   Thumb Code     0  startup_stm32f10x_hd.o(.text)
    TIM8_BRK_IRQHandler                      0x08007c87   Thumb Code     0  startup_stm32f10x_hd.o(.text)
    TIM8_CC_IRQHandler                       0x08007c87   Thumb Code     0  startup_stm32f10x_hd.o(.text)
    TIM8_TRG_COM_IRQHandler                  0x08007c87   Thumb Code     0  startup_stm32f10x_hd.o(.text)
    TIM8_UP_IRQHandler                       0x08007c87   Thumb Code     0  startup_stm32f10x_hd.o(.text)
    UART4_IRQHandler                         0x08007c87   Thumb Code     0  startup_stm32f10x_hd.o(.text)
    UART5_IRQHandler                         0x08007c87   Thumb Code     0  startup_stm32f10x_hd.o(.text)
    USBWakeUp_IRQHandler                     0x08007c87   Thumb Code     0  startup_stm32f10x_hd.o(.text)
    USB_HP_CAN1_TX_IRQHandler                0x08007c87   Thumb Code     0  startup_stm32f10x_hd.o(.text)
    USB_LP_CAN1_RX0_IRQHandler               0x08007c87   Thumb Code     0  startup_stm32f10x_hd.o(.text)
    WWDG_IRQHandler                          0x08007c87   Thumb Code     0  startup_stm32f10x_hd.o(.text)
    __user_initial_stackheap                 0x08007c89   Thumb Code     0  startup_stm32f10x_hd.o(.text)
    __use_no_semihosting                     0x08007cad   Thumb Code     2  use_no_semi_2.o(.text)
    __2printf                                0x08007cb1   Thumb Code    20  noretval__2printf.o(.text)
    __2sprintf                               0x08007cc9   Thumb Code    34  noretval__2sprintf.o(.text)
    _printf_int_dec                          0x08007cf1   Thumb Code   102  _printf_dec.o(.text)
    __printf                                 0x08007d69   Thumb Code   184  __printf_ss.o(.text)
    __0sscanf                                0x08007e21   Thumb Code    52  __0sscanf.o(.text)
    _scanf_int                               0x08007e5d   Thumb Code   336  _scanf_int.o(.text)
    __use_two_region_memory                  0x08007fad   Thumb Code     2  heapauxi.o(.text)
    __rt_heap_escrow$2region                 0x08007faf   Thumb Code     2  heapauxi.o(.text)
    __rt_heap_expand$2region                 0x08007fb1   Thumb Code     2  heapauxi.o(.text)
    __I$use$semihosting                      0x08007fb3   Thumb Code     0  use_no_semi.o(.text)
    __use_no_semihosting_swi                 0x08007fb3   Thumb Code     2  use_no_semi.o(.text)
    __read_errno                             0x08007fb5   Thumb Code    10  _rserrno.o(.text)
    __set_errno                              0x08007fbf   Thumb Code    12  _rserrno.o(.text)
    _printf_int_common                       0x08007fcb   Thumb Code   184  _printf_intcommon.o(.text)
    _printf_char_common                      0x0800808f   Thumb Code    32  _printf_char_common.o(.text)
    _sputc                                   0x080080b5   Thumb Code    10  _sputc.o(.text)
    _printf_char_file                        0x080080c1   Thumb Code    32  _printf_char_file.o(.text)
    _chval                                   0x080080e5   Thumb Code    28  _chval.o(.text)
    __vfscanf_char                           0x0800810d   Thumb Code    24  scanf_char.o(.text)
    _sgetc                                   0x0800812d   Thumb Code    30  _sgetc.o(.text)
    _sbackspace                              0x0800814b   Thumb Code    34  _sgetc.o(.text)
    __aeabi_errno_addr                       0x0800816d   Thumb Code     8  rt_errno_addr_intlibspace.o(.text)
    __errno$intlibspace                      0x0800816d   Thumb Code     0  rt_errno_addr_intlibspace.o(.text)
    __rt_errno_addr$intlibspace              0x0800816d   Thumb Code     0  rt_errno_addr_intlibspace.o(.text)
    isspace                                  0x08008175   Thumb Code    18  isspace.o(.text)
    __vfscanf                                0x08008189   Thumb Code   876  _scanf.o(.text)
    ferror                                   0x080084f9   Thumb Code     8  ferror.o(.text)
    __user_libspace                          0x08008501   Thumb Code     8  libspace.o(.text)
    __user_perproc_libspace                  0x08008501   Thumb Code     0  libspace.o(.text)
    __user_perthread_libspace                0x08008501   Thumb Code     0  libspace.o(.text)
    __user_setup_stackheap                   0x08008509   Thumb Code    74  sys_stackheap_outer.o(.text)
    __rt_ctype_table                         0x08008555   Thumb Code    16  rt_ctype_table.o(.text)
    exit                                     0x08008565   Thumb Code    12  exit.o(.text)
    __rt_locale                              0x08008571   Thumb Code     8  rt_locale_intlibspace.o(.text)
    strcmp                                   0x08008579   Thumb Code   128  strcmpv7m.o(.text)
    __ARM_fpclassify                         0x080085f9   Thumb Code    40  fpclassify.o(i.__ARM_fpclassify)
    __ARM_fpclassifyf                        0x08008621   Thumb Code    38  fpclassifyf.o(i.__ARM_fpclassifyf)
    __ieee754_rem_pio2                       0x08008649   Thumb Code   832  rred.o(i.__ieee754_rem_pio2)
    __kernel_cos                             0x080089d1   Thumb Code   230  cos_i.o(i.__kernel_cos)
    __kernel_poly                            0x08008acd   Thumb Code   170  poly.o(i.__kernel_poly)
    __kernel_sin                             0x08008b79   Thumb Code   224  sin_i.o(i.__kernel_sin)
    __mathlib_dbl_underflow                  0x08008c65   Thumb Code    10  dunder.o(i.__mathlib_dbl_underflow)
    __mathlib_flt_underflow                  0x08008c75   Thumb Code    10  funder.o(i.__mathlib_flt_underflow)
    __mathlib_rredf2                         0x08008c81   Thumb Code   326  rredf.o(i.__mathlib_rredf2)
    acos                                     0x08008dd9   Thumb Code   586  acos.o(i.acos)
    asin                                     0x08009061   Thumb Code   584  asin.o(i.asin)
    atan                                     0x080092dd   Thumb Code   478  atan.o(i.atan)
    cos                                      0x08009501   Thumb Code   164  cos.o(i.cos)
    __mathlib_expf                           0x080095ad   Thumb Code     0  expf.o(i.expf)
    expf                                     0x080095ad   Thumb Code   324  expf.o(i.expf)
    pow                                      0x0800971d   Thumb Code  2510  pow.o(i.pow)
    __mathlib_powf                           0x0800a0fd   Thumb Code     0  powf.o(i.powf)
    powf                                     0x0800a0fd   Thumb Code  1538  powf.o(i.powf)
    sinf                                     0x0800a719   Thumb Code   342  sinf.o(i.sinf)
    sqrt                                     0x0800a8a5   Thumb Code    76  sqrt.o(i.sqrt)
    _get_lc_ctype                            0x0800a8f1   Thumb Code    44  lc_ctype_c.o(locale$$code)
    __aeabi_d2f                              0x0800a91d   Thumb Code     0  d2f.o(x$fpl$d2f)
    _d2f                                     0x0800a91d   Thumb Code    98  d2f.o(x$fpl$d2f)
    __aeabi_dadd                             0x0800a981   Thumb Code     0  daddsub_clz.o(x$fpl$dadd)
    _dadd                                    0x0800a981   Thumb Code   332  daddsub_clz.o(x$fpl$dadd)
    __fpl_dcheck_NaN1                        0x0800aad1   Thumb Code    10  dcheck1.o(x$fpl$dcheck1)
    __fpl_dcmp_Inf                           0x0800aae1   Thumb Code    24  dcmpi.o(x$fpl$dcmpinf)
    __aeabi_ddiv                             0x0800aaf9   Thumb Code     0  ddiv.o(x$fpl$ddiv)
    _ddiv                                    0x0800aaf9   Thumb Code   552  ddiv.o(x$fpl$ddiv)
    __aeabi_d2iz                             0x0800ada9   Thumb Code     0  dfix.o(x$fpl$dfix)
    _dfix                                    0x0800ada9   Thumb Code    94  dfix.o(x$fpl$dfix)
    __aeabi_d2uiz                            0x0800ae09   Thumb Code     0  dfixu.o(x$fpl$dfixu)
    _dfixu                                   0x0800ae09   Thumb Code    90  dfixu.o(x$fpl$dfixu)
    __aeabi_i2d                              0x0800ae63   Thumb Code     0  dflt_clz.o(x$fpl$dflt)
    _dflt                                    0x0800ae63   Thumb Code    46  dflt_clz.o(x$fpl$dflt)
    __aeabi_ui2d                             0x0800ae91   Thumb Code     0  dflt_clz.o(x$fpl$dfltu)
    _dfltu                                   0x0800ae91   Thumb Code    38  dflt_clz.o(x$fpl$dfltu)
    __aeabi_cdcmple                          0x0800aeb9   Thumb Code     0  dleqf.o(x$fpl$dleqf)
    _dcmple                                  0x0800aeb9   Thumb Code   120  dleqf.o(x$fpl$dleqf)
    __fpl_dcmple_InfNaN                      0x0800af1b   Thumb Code     0  dleqf.o(x$fpl$dleqf)
    __aeabi_dmul                             0x0800af31   Thumb Code     0  dmul.o(x$fpl$dmul)
    _dmul                                    0x0800af31   Thumb Code   332  dmul.o(x$fpl$dmul)
    __fpl_dnaninf                            0x0800b085   Thumb Code   156  dnaninf.o(x$fpl$dnaninf)
    __fpl_dretinf                            0x0800b121   Thumb Code    12  dretinf.o(x$fpl$dretinf)
    __aeabi_cdrcmple                         0x0800b12d   Thumb Code     0  drleqf.o(x$fpl$drleqf)
    _drcmple                                 0x0800b12d   Thumb Code   108  drleqf.o(x$fpl$drleqf)
    __aeabi_drsub                            0x0800b199   Thumb Code     0  daddsub_clz.o(x$fpl$drsb)
    _drsb                                    0x0800b199   Thumb Code    22  daddsub_clz.o(x$fpl$drsb)
    _dsqrt                                   0x0800b1b1   Thumb Code   456  dsqrt_noumaal.o(x$fpl$dsqrt)
    __aeabi_dsub                             0x0800b37d   Thumb Code     0  daddsub_clz.o(x$fpl$dsub)
    _dsub                                    0x0800b37d   Thumb Code   464  daddsub_clz.o(x$fpl$dsub)
    __aeabi_f2d                              0x0800b551   Thumb Code     0  f2d.o(x$fpl$f2d)
    _f2d                                     0x0800b551   Thumb Code    86  f2d.o(x$fpl$f2d)
    __aeabi_fadd                             0x0800b5a9   Thumb Code     0  faddsub_clz.o(x$fpl$fadd)
    _fadd                                    0x0800b5a9   Thumb Code   196  faddsub_clz.o(x$fpl$fadd)
    __fpl_fcheck_NaN1                        0x0800b66d   Thumb Code     6  fcheck1.o(x$fpl$fcheck1)
    __fpl_fcmp_Inf                           0x0800b679   Thumb Code    24  fcmpi.o(x$fpl$fcmpinf)
    __aeabi_fdiv                             0x0800b691   Thumb Code     0  fdiv.o(x$fpl$fdiv)
    _fdiv                                    0x0800b691   Thumb Code   384  fdiv.o(x$fpl$fdiv)
    __aeabi_cfcmpeq                          0x0800b815   Thumb Code     0  feqf.o(x$fpl$feqf)
    _fcmpeq                                  0x0800b815   Thumb Code   104  feqf.o(x$fpl$feqf)
    __aeabi_f2iz                             0x0800b87d   Thumb Code     0  ffix.o(x$fpl$ffix)
    _ffix                                    0x0800b87d   Thumb Code    54  ffix.o(x$fpl$ffix)
    _ffix_r                                  0x0800b8b5   Thumb Code    82  ffix.o(x$fpl$ffixr)
    __aeabi_f2uiz                            0x0800b909   Thumb Code     0  ffixu.o(x$fpl$ffixu)
    _ffixu                                   0x0800b909   Thumb Code    62  ffixu.o(x$fpl$ffixu)
    __aeabi_i2f                              0x0800b949   Thumb Code     0  fflt_clz.o(x$fpl$fflt)
    _fflt                                    0x0800b949   Thumb Code    48  fflt_clz.o(x$fpl$fflt)
    __aeabi_ui2f                             0x0800b979   Thumb Code     0  fflt_clz.o(x$fpl$ffltu)
    _ffltu                                   0x0800b979   Thumb Code    38  fflt_clz.o(x$fpl$ffltu)
    __aeabi_cfcmple                          0x0800b9a1   Thumb Code     0  fleqf.o(x$fpl$fleqf)
    _fcmple                                  0x0800b9a1   Thumb Code   104  fleqf.o(x$fpl$fleqf)
    __fpl_fcmple_InfNaN                      0x0800b9f3   Thumb Code     0  fleqf.o(x$fpl$fleqf)
    __aeabi_fmul                             0x0800ba09   Thumb Code     0  fmul.o(x$fpl$fmul)
    _fmul                                    0x0800ba09   Thumb Code   258  fmul.o(x$fpl$fmul)
    __fpl_fnaninf                            0x0800bb0b   Thumb Code   140  fnaninf.o(x$fpl$fnaninf)
    __fpl_fretinf                            0x0800bb97   Thumb Code    10  fretinf.o(x$fpl$fretinf)
    __aeabi_cfrcmple                         0x0800bba1   Thumb Code     0  frleqf.o(x$fpl$frleqf)
    _frcmple                                 0x0800bba1   Thumb Code    98  frleqf.o(x$fpl$frleqf)
    _frnd                                    0x0800bc05   Thumb Code    96  frnd.o(x$fpl$frnd)
    __aeabi_frsub                            0x0800bc65   Thumb Code     0  faddsub_clz.o(x$fpl$frsb)
    _frsb                                    0x0800bc65   Thumb Code    20  faddsub_clz.o(x$fpl$frsb)
    __aeabi_fsub                             0x0800bc79   Thumb Code     0  faddsub_clz.o(x$fpl$fsub)
    _fsub                                    0x0800bc79   Thumb Code   234  faddsub_clz.o(x$fpl$fsub)
    __fpl_return_NaN                         0x0800bd63   Thumb Code   100  retnan.o(x$fpl$retnan)
    __ARM_scalbn                             0x0800bdc7   Thumb Code    92  scalbn.o(x$fpl$scalbn)
    __ARM_scalbnf                            0x0800be23   Thumb Code    76  scalbnf.o(x$fpl$scalbnf)
    __fpl_cmpreturn                          0x0800be6f   Thumb Code    48  trapv.o(x$fpl$trapveneer)
    OSUnMapTbl                               0x0800be9e   Data         256  os_core.o(.constdata)
    __I$use$fp                               0x0800be9e   Number         0  usenofp.o(x$fpl$usenofp)
    memtblsize                               0x0800bfa0   Data           8  malloc.o(.constdata)
    memblksize                               0x0800bfa8   Data           8  malloc.o(.constdata)
    memsize                                  0x0800bfb0   Data           8  malloc.o(.constdata)
    __mathlib_zero                           0x0800c318   Data           8  qnan.o(.constdata)
    Region$$Table$$Base                      0x0800c4e4   Number         0  anon$$obj.o(Region$$Table)
    Region$$Table$$Limit                     0x0800c504   Number         0  anon$$obj.o(Region$$Table)
    __ctype                                  0x0800c511   Data           0  lc_ctype_c.o(locale$$data)
    rst                                      0x20000000   Data           4  main.o(.data)
    close                                    0x20000004   Data           4  main.o(.data)
    capture                                  0x20000008   Data           4  main.o(.data)
    raise                                    0x2000000c   Data           4  main.o(.data)
    motion                                   0x20000010   Data          40  main.o(.data)
    MODEL                                    0x20000038   Data           1  main.o(.data)
    stack                                    0x20000039   Data          18  main.o(.data)
    item                                     0x2000004b   Data           1  main.o(.data)
    tmr1                                     0x2000004c   Data           4  main.o(.data)
    uartRx_Sem                               0x20000050   Data           4  main.o(.data)
    pwm1Change_Sem                           0x20000054   Data           4  main.o(.data)
    motor1_Sem                               0x20000058   Data           4  main.o(.data)
    motor2_Sem                               0x2000005c   Data           4  main.o(.data)
    TIM2_ARR                                 0x20000060   Data           2  timer.o(.data)
    TIM1_ARR                                 0x20000062   Data           2  timer.o(.data)
    STEER_TIME                               0x20000068   Data           2  steer.o(.data)
    STEER_SAMPLE                             0x2000006a   Data           2  steer.o(.data)
    axis_x                                   0x2000006c   Data           4  steer.o(.data)
    axis_y                                   0x20000070   Data           4  steer.o(.data)
    axis_z                                   0x20000074   Data           4  steer.o(.data)
    axis2_x                                  0x20000078   Data           4  steer.o(.data)
    axis2_y                                  0x2000007c   Data           4  steer.o(.data)
    axis2_z                                  0x20000080   Data           4  steer.o(.data)
    pwm0_now                                 0x20000084   Data           2  steer.o(.data)
    pwm1_now                                 0x20000086   Data           2  steer.o(.data)
    pwm2_now                                 0x20000088   Data           2  steer.o(.data)
    pwm3_now                                 0x2000008a   Data           2  steer.o(.data)
    pwm4_now                                 0x2000008c   Data           2  steer.o(.data)
    pwm20_now                                0x2000008e   Data           2  steer.o(.data)
    pwm21_now                                0x20000090   Data           2  steer.o(.data)
    pwm22_now                                0x20000092   Data           2  steer.o(.data)
    pwm23_now                                0x20000094   Data           2  steer.o(.data)
    pwm24_now                                0x20000096   Data           2  steer.o(.data)
    pwm0_dest                                0x20000098   Data           2  steer.o(.data)
    pwm1_dest                                0x2000009a   Data           2  steer.o(.data)
    pwm2_dest                                0x2000009c   Data           2  steer.o(.data)
    pwm3_dest                                0x2000009e   Data           2  steer.o(.data)
    pwm4_dest                                0x200000a0   Data           2  steer.o(.data)
    pwm20_dest                               0x200000a2   Data           2  steer.o(.data)
    pwm21_dest                               0x200000a4   Data           2  steer.o(.data)
    pwm22_dest                               0x200000a6   Data           2  steer.o(.data)
    pwm23_dest                               0x200000a8   Data           2  steer.o(.data)
    pwm24_dest                               0x200000aa   Data           2  steer.o(.data)
    isPwm0Change                             0x200000ac   Data           1  steer.o(.data)
    isPwm1Change                             0x200000ad   Data           1  steer.o(.data)
    isPwm2Change                             0x200000ae   Data           1  steer.o(.data)
    isPwm3Change                             0x200000af   Data           1  steer.o(.data)
    isPwm4Change                             0x200000b0   Data           1  steer.o(.data)
    isPwm20Change                            0x200000b1   Data           1  steer.o(.data)
    isPwm21Change                            0x200000b2   Data           1  steer.o(.data)
    isPwm22Change                            0x200000b3   Data           1  steer.o(.data)
    isPwm23Change                            0x200000b4   Data           1  steer.o(.data)
    isPwm24Change                            0x200000b5   Data           1  steer.o(.data)
    update_en                                0x200000d0   Data           1  cmd_process.o(.data)
    bodya                                    0x200000d1   Data           1  cmd_process.o(.data)
    bodyb                                    0x200000d2   Data           1  cmd_process.o(.data)
    bodyc                                    0x200000d3   Data           1  cmd_process.o(.data)
    alpha                                    0x200000d4   Data           4  cmd_process.o(.data)
    beta                                     0x200000d8   Data           4  cmd_process.o(.data)
    phi                                      0x200000dc   Data           4  cmd_process.o(.data)
    gamma                                    0x200000e0   Data           4  cmd_process.o(.data)
    lambda                                   0x200000e4   Data           4  cmd_process.o(.data)
    length                                   0x200000e8   Data           4  cmd_process.o(.data)
    theta                                    0x200000ec   Data           4  cmd_process.o(.data)
    OSCtxSwCtr                               0x200000f4   Data           4  os_core.o(.data)
    OSEventFreeList                          0x200000f8   Data           4  os_core.o(.data)
    OSFlagFreeList                           0x200000fc   Data           4  os_core.o(.data)
    OSCPUUsage                               0x20000100   Data           1  os_core.o(.data)
    OSIdleCtrMax                             0x20000104   Data           4  os_core.o(.data)
    OSIdleCtrRun                             0x20000108   Data           4  os_core.o(.data)
    OSStatRdy                                0x2000010c   Data           1  os_core.o(.data)
    OSIntNesting                             0x2000010d   Data           1  os_core.o(.data)
    OSLockNesting                            0x2000010e   Data           1  os_core.o(.data)
    OSPrioCur                                0x2000010f   Data           1  os_core.o(.data)
    OSPrioHighRdy                            0x20000110   Data           1  os_core.o(.data)
    OSRdyGrp                                 0x20000111   Data           1  os_core.o(.data)
    OSRdyTbl                                 0x20000112   Data           8  os_core.o(.data)
    OSRunning                                0x2000011a   Data           1  os_core.o(.data)
    OSTaskCtr                                0x2000011b   Data           1  os_core.o(.data)
    OSIdleCtr                                0x2000011c   Data           4  os_core.o(.data)
    OSTCBCur                                 0x20000120   Data           4  os_core.o(.data)
    OSTCBFreeList                            0x20000124   Data           4  os_core.o(.data)
    OSTCBHighRdy                             0x20000128   Data           4  os_core.o(.data)
    OSTCBList                                0x2000012c   Data           4  os_core.o(.data)
    OSTickStepState                          0x20000130   Data           1  os_core.o(.data)
    OSQFreeList                              0x20000134   Data           4  os_core.o(.data)
    OSTime                                   0x20000138   Data           4  os_core.o(.data)
    OSTmrFree                                0x2000013c   Data           2  os_core.o(.data)
    OSTmrUsed                                0x2000013e   Data           2  os_core.o(.data)
    OSTmrTime                                0x20000140   Data           4  os_core.o(.data)
    OSTmrSem                                 0x20000144   Data           4  os_core.o(.data)
    OSTmrSemSignal                           0x20000148   Data           4  os_core.o(.data)
    OSTmrFreeList                            0x2000014c   Data           4  os_core.o(.data)
    OSInterrputSum                           0x20000150   Data           4  os_cpu_c.o(.data)
    mallco_dev                               0x20000158   Data          28  malloc.o(.data)
    USART_RX_STA                             0x20000178   Data           2  usart.o(.data)
    revCount                                 0x2000017a   Data           1  usart.o(.data)
    __stdout                                 0x2000017c   Data           4  usart.o(.data)
    START_TASK_STK                           0x20000180   Data         256  main.o(.bss)
    MAIN_TASK_STK                            0x20000280   Data        2048  main.o(.bss)
    MOTOR_TASK_STK                           0x20000a80   Data        2048  main.o(.bss)
    MOTOR1_TASK_STK                          0x20001280   Data        2048  main.o(.bss)
    load                                     0x20001a80   Data         198  motor.o(.bss)
    dist0                                    0x20001b48   Data         202  steer.o(.bss)
    dist1                                    0x20001c12   Data         202  steer.o(.bss)
    dist2                                    0x20001cdc   Data         202  steer.o(.bss)
    dist3                                    0x20001da6   Data         202  steer.o(.bss)
    dist4                                    0x20001e70   Data         202  steer.o(.bss)
    dist20                                   0x20001f3a   Data         202  steer.o(.bss)
    dist21                                   0x20002004   Data         202  steer.o(.bss)
    dist22                                   0x200020ce   Data         202  steer.o(.bss)
    dist23                                   0x20002198   Data         202  steer.o(.bss)
    dist24                                   0x20002262   Data         202  steer.o(.bss)
    x                                        0x2000232c   Data         404  steer.o(.bss)
    cmd_buffer                               0x200024c0   Data          20  cmd_process.o(.bss)
    OSEventTbl                               0x20002528   Data         200  os_core.o(.bss)
    OSFlagTbl                                0x200025f0   Data          80  os_core.o(.bss)
    OSTaskStatStk                            0x20002640   Data         512  os_core.o(.bss)
    OSTaskIdleStk                            0x20002840   Data         512  os_core.o(.bss)
    OSTCBPrioTbl                             0x20002a40   Data         256  os_core.o(.bss)
    OSTCBTbl                                 0x20002b40   Data        1848  os_core.o(.bss)
    OSQTbl                                   0x20003278   Data         120  os_core.o(.bss)
    OSTmrTbl                                 0x200032f0   Data         640  os_core.o(.bss)
    OSTmrTaskStk                             0x20003570   Data         512  os_core.o(.bss)
    OSTmrWheelTbl                            0x20003770   Data          64  os_core.o(.bss)
    mem1base                                 0x200037b0   Data       40960  malloc.o(.bss)
    mem1mapbase                              0x2000d7b0   Data        2560  malloc.o(.bss)
    __libspace_start                         0x2000e1b0   Data          96  libspace.o(.bss)
    __temporary_stack_top$libspace           0x2000e210   Data           0  libspace.o(.bss)
    mem2base                                 0x68000000   Data       204800  malloc.o(.ARM.__AT_0x68000000)
    mem2mapbase                              0x68032000   Data       12800  malloc.o(.ARM.__AT_0x68032000)



==============================================================================

Memory Map of the image

  Image Entry point : 0x08000131

  Load Region LR_IROM1 (Base: 0x08000000, Size: 0x0000c794, Max: 0x00080000, ABSOLUTE, COMPRESSED[0x0000c684])

    Execution Region ER_IROM1 (Base: 0x08000000, Size: 0x0000c614, Max: 0x00080000, ABSOLUTE)

    Base Addr    Size         Type   Attr      Idx    E Section Name        Object

    0x08000000   0x00000130   Data   RO          567    RESET               startup_stm32f10x_hd.o
    0x08000130   0x00000008   Code   RO          616  * !!!main             c_w.l(__main.o)
    0x08000138   0x00000034   Code   RO         1023    !!!scatter          c_w.l(__scatter.o)
    0x0800016c   0x0000005a   Code   RO         1021    !!dczerorl2         c_w.l(__dczerorl2.o)
    0x080001c6   0x00000002   PAD
    0x080001c8   0x0000001c   Code   RO         1025    !!handler_zi        c_w.l(__scatter_zi.o)
    0x080001e4   0x00000000   Code   RO          609    .ARM.Collect$$_printf_percent$$00000000  c_w.l(_printf_percent.o)
    0x080001e4   0x00000006   Code   RO          608    .ARM.Collect$$_printf_percent$$00000009  c_w.l(_printf_d.o)
    0x080001ea   0x00000004   Code   RO          771    .ARM.Collect$$_printf_percent$$00000017  c_w.l(_printf_percent_end.o)
    0x080001ee   0x00000002   Code   RO          887    .ARM.Collect$$libinit$$00000000  c_w.l(libinit.o)
    0x080001f0   0x00000000   Code   RO          901    .ARM.Collect$$libinit$$00000002  c_w.l(libinit2.o)
    0x080001f0   0x00000000   Code   RO          904    .ARM.Collect$$libinit$$00000008  c_w.l(libinit2.o)
    0x080001f0   0x00000000   Code   RO          906    .ARM.Collect$$libinit$$0000000A  c_w.l(libinit2.o)
    0x080001f0   0x00000000   Code   RO          908    .ARM.Collect$$libinit$$0000000C  c_w.l(libinit2.o)
    0x080001f0   0x00000006   Code   RO          909    .ARM.Collect$$libinit$$0000000D  c_w.l(libinit2.o)
    0x080001f6   0x00000000   Code   RO          911    .ARM.Collect$$libinit$$0000000F  c_w.l(libinit2.o)
    0x080001f6   0x0000000c   Code   RO          912    .ARM.Collect$$libinit$$00000010  c_w.l(libinit2.o)
    0x08000202   0x00000000   Code   RO          913    .ARM.Collect$$libinit$$00000011  c_w.l(libinit2.o)
    0x08000202   0x00000000   Code   RO          915    .ARM.Collect$$libinit$$00000013  c_w.l(libinit2.o)
    0x08000202   0x00000000   Code   RO          917    .ARM.Collect$$libinit$$00000015  c_w.l(libinit2.o)
    0x08000202   0x00000000   Code   RO          919    .ARM.Collect$$libinit$$00000017  c_w.l(libinit2.o)
    0x08000202   0x00000000   Code   RO          921    .ARM.Collect$$libinit$$00000019  c_w.l(libinit2.o)
    0x08000202   0x00000000   Code   RO          923    .ARM.Collect$$libinit$$0000001B  c_w.l(libinit2.o)
    0x08000202   0x00000000   Code   RO          925    .ARM.Collect$$libinit$$0000001D  c_w.l(libinit2.o)
    0x08000202   0x00000000   Code   RO          927    .ARM.Collect$$libinit$$0000001F  c_w.l(libinit2.o)
    0x08000202   0x00000000   Code   RO          929    .ARM.Collect$$libinit$$00000021  c_w.l(libinit2.o)
    0x08000202   0x00000000   Code   RO          931    .ARM.Collect$$libinit$$00000023  c_w.l(libinit2.o)
    0x08000202   0x00000000   Code   RO          935    .ARM.Collect$$libinit$$0000002A  c_w.l(libinit2.o)
    0x08000202   0x00000000   Code   RO          937    .ARM.Collect$$libinit$$0000002C  c_w.l(libinit2.o)
    0x08000202   0x00000000   Code   RO          939    .ARM.Collect$$libinit$$0000002E  c_w.l(libinit2.o)
    0x08000202   0x00000000   Code   RO          941    .ARM.Collect$$libinit$$00000030  c_w.l(libinit2.o)
    0x08000202   0x00000002   Code   RO          942    .ARM.Collect$$libinit$$00000031  c_w.l(libinit2.o)
    0x08000204   0x00000002   Code   RO          964    .ARM.Collect$$libshutdown$$00000000  c_w.l(libshutdown.o)
    0x08000206   0x00000000   Code   RO          975    .ARM.Collect$$libshutdown$$00000003  c_w.l(libshutdown2.o)
    0x08000206   0x00000000   Code   RO          978    .ARM.Collect$$libshutdown$$00000006  c_w.l(libshutdown2.o)
    0x08000206   0x00000000   Code   RO          981    .ARM.Collect$$libshutdown$$00000009  c_w.l(libshutdown2.o)
    0x08000206   0x00000000   Code   RO          983    .ARM.Collect$$libshutdown$$0000000B  c_w.l(libshutdown2.o)
    0x08000206   0x00000000   Code   RO          986    .ARM.Collect$$libshutdown$$0000000E  c_w.l(libshutdown2.o)
    0x08000206   0x00000002   Code   RO          987    .ARM.Collect$$libshutdown$$0000000F  c_w.l(libshutdown2.o)
    0x08000208   0x00000000   Code   RO          760    .ARM.Collect$$rtentry$$00000000  c_w.l(rtentry.o)
    0x08000208   0x00000000   Code   RO          836    .ARM.Collect$$rtentry$$00000002  c_w.l(rtentry2.o)
    0x08000208   0x00000006   Code   RO          848    .ARM.Collect$$rtentry$$00000004  c_w.l(rtentry4.o)
    0x0800020e   0x00000000   Code   RO          838    .ARM.Collect$$rtentry$$00000009  c_w.l(rtentry2.o)
    0x0800020e   0x00000004   Code   RO          839    .ARM.Collect$$rtentry$$0000000A  c_w.l(rtentry2.o)
    0x08000212   0x00000000   Code   RO          841    .ARM.Collect$$rtentry$$0000000C  c_w.l(rtentry2.o)
    0x08000212   0x00000008   Code   RO          842    .ARM.Collect$$rtentry$$0000000D  c_w.l(rtentry2.o)
    0x0800021a   0x00000002   Code   RO          890    .ARM.Collect$$rtexit$$00000000  c_w.l(rtexit.o)
    0x0800021c   0x00000000   Code   RO          946    .ARM.Collect$$rtexit$$00000002  c_w.l(rtexit2.o)
    0x0800021c   0x00000004   Code   RO          947    .ARM.Collect$$rtexit$$00000003  c_w.l(rtexit2.o)
    0x08000220   0x00000006   Code   RO          948    .ARM.Collect$$rtexit$$00000004  c_w.l(rtexit2.o)
    0x08000226   0x00000002   PAD
    0x08000228   0x0000000c   Code   RO          522    .emb_text           sys.o
    0x08000234   0x000006d0   Code   RO            1    .text               main.o
    0x08000904   0x0000009c   Code   RO          146    .text               led.o
    0x080009a0   0x00000240   Code   RO          161    .text               timer.o
    0x08000be0   0x00000180   Code   RO          180    .text               uart2.o
    0x08000d60   0x0000011c   Code   RO          200    .text               exit.o
    0x08000e7c   0x000001a4   Code   RO          219    .text               motor.o
    0x08001020   0x00000130   Code   RO          237    .text               uart3.o
    0x08001150   0x00000cec   Code   RO          252    .text               steer.o
    0x08001e3c   0x00000f98   Code   RO          271    .text               cmd_process.o
    0x08002dd4   0x0000015c   Code   RO          297    .text               cmd_queue.o
    0x08002f30   0x00001a66   Code   RO          319    .text               hmi_driver.o
    0x08004996   0x00000002   PAD
    0x08004998   0x000008b0   Code   RO          331    .text               os_core.o
    0x08005248   0x00000818   Code   RO          351    .text               os_flag.o
    0x08005a60   0x000005e8   Code   RO          397    .text               os_q.o
    0x08006048   0x0000038c   Code   RO          409    .text               os_sem.o
    0x080063d4   0x000007cc   Code   RO          421    .text               os_task.o
    0x08006ba0   0x000001b8   Code   RO          433    .text               os_time.o
    0x08006d58   0x00000634   Code   RO          445    .text               os_tmr.o
    0x0800738c   0x000000b4   Code   RO          457    .text               os_cpu_a.o
    0x08007440   0x000000d4   Code   RO          461    .text               os_cpu_c.o
    0x08007514   0x00000230   Code   RO          483    .text               malloc.o
    0x08007744   0x00000104   Code   RO          505    .text               delay.o
    0x08007848   0x000002e8   Code   RO          523    .text               sys.o
    0x08007b30   0x00000134   Code   RO          541    .text               usart.o
    0x08007c64   0x00000048   Code   RO          568    .text               startup_stm32f10x_hd.o
    0x08007cac   0x00000002   Code   RO          574    .text               c_w.l(use_no_semi_2.o)
    0x08007cae   0x00000002   PAD
    0x08007cb0   0x00000018   Code   RO          580    .text               c_w.l(noretval__2printf.o)
    0x08007cc8   0x00000028   Code   RO          582    .text               c_w.l(noretval__2sprintf.o)
    0x08007cf0   0x00000078   Code   RO          586    .text               c_w.l(_printf_dec.o)
    0x08007d68   0x000000b8   Code   RO          591    .text               c_w.l(__printf_ss.o)
    0x08007e20   0x0000003c   Code   RO          610    .text               c_w.l(__0sscanf.o)
    0x08007e5c   0x00000150   Code   RO          612    .text               c_w.l(_scanf_int.o)
    0x08007fac   0x00000006   Code   RO          614    .text               c_w.l(heapauxi.o)
    0x08007fb2   0x00000002   Code   RO          758    .text               c_w.l(use_no_semi.o)
    0x08007fb4   0x00000016   Code   RO          761    .text               c_w.l(_rserrno.o)
    0x08007fca   0x000000b8   Code   RO          763    .text               c_w.l(_printf_intcommon.o)
    0x08008082   0x00000002   PAD
    0x08008084   0x00000030   Code   RO          765    .text               c_w.l(_printf_char_common.o)
    0x080080b4   0x0000000a   Code   RO          767    .text               c_w.l(_sputc.o)
    0x080080be   0x00000002   PAD
    0x080080c0   0x00000024   Code   RO          769    .text               c_w.l(_printf_char_file.o)
    0x080080e4   0x0000001c   Code   RO          772    .text               c_w.l(_chval.o)
    0x08008100   0x0000002c   Code   RO          774    .text               c_w.l(scanf_char.o)
    0x0800812c   0x00000040   Code   RO          776    .text               c_w.l(_sgetc.o)
    0x0800816c   0x00000008   Code   RO          853    .text               c_w.l(rt_errno_addr_intlibspace.o)
    0x08008174   0x00000012   Code   RO          855    .text               c_w.l(isspace.o)
    0x08008186   0x00000002   PAD
    0x08008188   0x00000370   Code   RO          859    .text               c_w.l(_scanf.o)
    0x080084f8   0x00000008   Code   RO          861    .text               c_w.l(ferror.o)
    0x08008500   0x00000008   Code   RO          873    .text               c_w.l(libspace.o)
    0x08008508   0x0000004a   Code   RO          876    .text               c_w.l(sys_stackheap_outer.o)
    0x08008552   0x00000002   PAD
    0x08008554   0x00000010   Code   RO          878    .text               c_w.l(rt_ctype_table.o)
    0x08008564   0x0000000c   Code   RO          880    .text               c_w.l(exit.o)
    0x08008570   0x00000008   Code   RO          895    .text               c_w.l(rt_locale_intlibspace.o)
    0x08008578   0x00000080   Code   RO          952    .text               c_w.l(strcmpv7m.o)
    0x080085f8   0x00000028   Code   RO          812    i.__ARM_fpclassify  m_ws.l(fpclassify.o)
    0x08008620   0x00000026   Code   RO          814    i.__ARM_fpclassifyf  m_ws.l(fpclassifyf.o)
    0x08008646   0x00000002   PAD
    0x08008648   0x00000388   Code   RO          821    i.__ieee754_rem_pio2  m_ws.l(rred.o)
    0x080089d0   0x000000fc   Code   RO          807    i.__kernel_cos      m_ws.l(cos_i.o)
    0x08008acc   0x000000aa   Code   RO          818    i.__kernel_poly     m_ws.l(poly.o)
    0x08008b76   0x00000002   PAD
    0x08008b78   0x000000ec   Code   RO          829    i.__kernel_sin      m_ws.l(sin_i.o)
    0x08008c64   0x00000010   Code   RO          810    i.__mathlib_dbl_underflow  m_ws.l(dunder.o)
    0x08008c74   0x0000000a   Code   RO          816    i.__mathlib_flt_underflow  m_ws.l(funder.o)
    0x08008c7e   0x00000002   PAD
    0x08008c80   0x00000158   Code   RO          826    i.__mathlib_rredf2  m_ws.l(rredf.o)
    0x08008dd8   0x00000288   Code   RO          675    i.acos              m_ws.l(acos.o)
    0x08009060   0x0000027c   Code   RO          685    i.asin              m_ws.l(asin.o)
    0x080092dc   0x00000224   Code   RO          695    i.atan              m_ws.l(atan.o)
    0x08009500   0x000000ac   Code   RO          705    i.cos               m_ws.l(cos.o)
    0x080095ac   0x00000170   Code   RO          713    i.expf              m_ws.l(expf.o)
    0x0800971c   0x000009e0   Code   RO          723    i.pow               m_ws.l(pow.o)
    0x0800a0fc   0x0000061c   Code   RO          733    i.powf              m_ws.l(powf.o)
    0x0800a718   0x0000018c   Code   RO          743    i.sinf              m_ws.l(sinf.o)
    0x0800a8a4   0x0000004c   Code   RO          751    i.sqrt              m_ws.l(sqrt.o)
    0x0800a8f0   0x0000002c   Code   RO          898    locale$$code        c_w.l(lc_ctype_c.o)
    0x0800a91c   0x00000062   Code   RO          618    x$fpl$d2f           fz_ws.l(d2f.o)
    0x0800a97e   0x00000002   PAD
    0x0800a980   0x00000150   Code   RO          620    x$fpl$dadd          fz_ws.l(daddsub_clz.o)
    0x0800aad0   0x00000010   Code   RO          865    x$fpl$dcheck1       fz_ws.l(dcheck1.o)
    0x0800aae0   0x00000018   Code   RO          778    x$fpl$dcmpinf       fz_ws.l(dcmpi.o)
    0x0800aaf8   0x000002b0   Code   RO          627    x$fpl$ddiv          fz_ws.l(ddiv.o)
    0x0800ada8   0x0000005e   Code   RO          867    x$fpl$dfix          fz_ws.l(dfix.o)
    0x0800ae06   0x00000002   PAD
    0x0800ae08   0x0000005a   Code   RO          630    x$fpl$dfixu         fz_ws.l(dfixu.o)
    0x0800ae62   0x0000002e   Code   RO          635    x$fpl$dflt          fz_ws.l(dflt_clz.o)
    0x0800ae90   0x00000026   Code   RO          634    x$fpl$dfltu         fz_ws.l(dflt_clz.o)
    0x0800aeb6   0x00000002   PAD
    0x0800aeb8   0x00000078   Code   RO          640    x$fpl$dleqf         fz_ws.l(dleqf.o)
    0x0800af30   0x00000154   Code   RO          642    x$fpl$dmul          fz_ws.l(dmul.o)
    0x0800b084   0x0000009c   Code   RO          780    x$fpl$dnaninf       fz_ws.l(dnaninf.o)
    0x0800b120   0x0000000c   Code   RO          782    x$fpl$dretinf       fz_ws.l(dretinf.o)
    0x0800b12c   0x0000006c   Code   RO          644    x$fpl$drleqf        fz_ws.l(drleqf.o)
    0x0800b198   0x00000016   Code   RO          621    x$fpl$drsb          fz_ws.l(daddsub_clz.o)
    0x0800b1ae   0x00000002   PAD
    0x0800b1b0   0x000001cc   Code   RO          784    x$fpl$dsqrt         fz_ws.l(dsqrt_noumaal.o)
    0x0800b37c   0x000001d4   Code   RO          622    x$fpl$dsub          fz_ws.l(daddsub_clz.o)
    0x0800b550   0x00000056   Code   RO          646    x$fpl$f2d           fz_ws.l(f2d.o)
    0x0800b5a6   0x00000002   PAD
    0x0800b5a8   0x000000c4   Code   RO          648    x$fpl$fadd          fz_ws.l(faddsub_clz.o)
    0x0800b66c   0x0000000c   Code   RO          871    x$fpl$fcheck1       fz_ws.l(fcheck1.o)
    0x0800b678   0x00000018   Code   RO          786    x$fpl$fcmpinf       fz_ws.l(fcmpi.o)
    0x0800b690   0x00000184   Code   RO          655    x$fpl$fdiv          fz_ws.l(fdiv.o)
    0x0800b814   0x00000068   Code   RO          788    x$fpl$feqf          fz_ws.l(feqf.o)
    0x0800b87c   0x00000036   Code   RO          790    x$fpl$ffix          fz_ws.l(ffix.o)
    0x0800b8b2   0x00000002   PAD
    0x0800b8b4   0x00000052   Code   RO          791    x$fpl$ffixr         fz_ws.l(ffix.o)
    0x0800b906   0x00000002   PAD
    0x0800b908   0x0000003e   Code   RO          658    x$fpl$ffixu         fz_ws.l(ffixu.o)
    0x0800b946   0x00000002   PAD
    0x0800b948   0x00000030   Code   RO          663    x$fpl$fflt          fz_ws.l(fflt_clz.o)
    0x0800b978   0x00000026   Code   RO          662    x$fpl$ffltu         fz_ws.l(fflt_clz.o)
    0x0800b99e   0x00000002   PAD
    0x0800b9a0   0x00000068   Code   RO          668    x$fpl$fleqf         fz_ws.l(fleqf.o)
    0x0800ba08   0x00000102   Code   RO          670    x$fpl$fmul          fz_ws.l(fmul.o)
    0x0800bb0a   0x0000008c   Code   RO          794    x$fpl$fnaninf       fz_ws.l(fnaninf.o)
    0x0800bb96   0x0000000a   Code   RO          796    x$fpl$fretinf       fz_ws.l(fretinf.o)
    0x0800bba0   0x00000062   Code   RO          672    x$fpl$frleqf        fz_ws.l(frleqf.o)
    0x0800bc02   0x00000002   PAD
    0x0800bc04   0x00000060   Code   RO          798    x$fpl$frnd          fz_ws.l(frnd.o)
    0x0800bc64   0x00000014   Code   RO          649    x$fpl$frsb          fz_ws.l(faddsub_clz.o)
    0x0800bc78   0x000000ea   Code   RO          650    x$fpl$fsub          fz_ws.l(faddsub_clz.o)
    0x0800bd62   0x00000064   Code   RO          888    x$fpl$retnan        fz_ws.l(retnan.o)
    0x0800bdc6   0x0000005c   Code   RO          802    x$fpl$scalbn        fz_ws.l(scalbn.o)
    0x0800be22   0x0000004c   Code   RO          804    x$fpl$scalbnf       fz_ws.l(scalbnf.o)
    0x0800be6e   0x00000030   Code   RO          943    x$fpl$trapveneer    fz_ws.l(trapv.o)
    0x0800be9e   0x00000000   Code   RO          806    x$fpl$usenofp       fz_ws.l(usenofp.o)
    0x0800be9e   0x00000100   Data   RO          333    .constdata          os_core.o
    0x0800bf9e   0x00000002   PAD
    0x0800bfa0   0x00000018   Data   RO          487    .constdata          malloc.o
    0x0800bfb8   0x00000050   Data   RO          676    .constdata          m_ws.l(acos.o)
    0x0800c008   0x00000050   Data   RO          686    .constdata          m_ws.l(asin.o)
    0x0800c058   0x00000098   Data   RO          696    .constdata          m_ws.l(atan.o)
    0x0800c0f0   0x00000030   Data   RO          714    .constdata          m_ws.l(expf.o)
    0x0800c120   0x00000088   Data   RO          724    .constdata          m_ws.l(pow.o)
    0x0800c1a8   0x00000140   Data   RO          734    .constdata          m_ws.l(powf.o)
    0x0800c2e8   0x00000030   Data   RO          808    .constdata          m_ws.l(cos_i.o)
    0x0800c318   0x00000008   Data   RO          820    .constdata          m_ws.l(qnan.o)
    0x0800c320   0x000000c8   Data   RO          823    .constdata          m_ws.l(rred.o)
    0x0800c3e8   0x00000020   Data   RO          827    .constdata          m_ws.l(rredf.o)
    0x0800c408   0x00000028   Data   RO          830    .constdata          m_ws.l(sin_i.o)
    0x0800c430   0x000000b2   Data   RO            3    .conststring        main.o
    0x0800c4e2   0x00000002   PAD
    0x0800c4e4   0x00000020   Data   RO         1019    Region$$Table       anon$$obj.o
    0x0800c504   0x00000110   Data   RO          897    locale$$data        c_w.l(lc_ctype_c.o)


    Execution Region RW_IRAM1 (Base: 0x20000000, Size: 0x0000ea10, Max: 0x00010000, ABSOLUTE, COMPRESSED[0x00000070])

    Base Addr    Size         Type   Attr      Idx    E Section Name        Object

    0x20000000   0x00000060   Data   RW            4    .data               main.o
    0x20000060   0x00000004   Data   RW          162    .data               timer.o
    0x20000064   0x00000004   Data   RW          181    .data               uart2.o
    0x20000068   0x00000062   Data   RW          254    .data               steer.o
    0x200000ca   0x00000002   PAD
    0x200000cc   0x00000024   Data   RW          273    .data               cmd_process.o
    0x200000f0   0x00000004   Data   RW          299    .data               cmd_queue.o
    0x200000f4   0x0000005c   Data   RW          334    .data               os_core.o
    0x20000150   0x00000006   Data   RW          462    .data               os_cpu_c.o
    0x20000156   0x00000002   PAD
    0x20000158   0x0000001c   Data   RW          488    .data               malloc.o
    0x20000174   0x00000004   Data   RW          506    .data               delay.o
    0x20000178   0x00000008   Data   RW          543    .data               usart.o
    0x20000180   0x00001900   Zero   RW            2    .bss                main.o
    0x20001a80   0x000000c6   Zero   RW          220    .bss                motor.o
    0x20001b46   0x00000002   PAD
    0x20001b48   0x00000978   Zero   RW          253    .bss                steer.o
    0x200024c0   0x00000014   Zero   RW          272    .bss                cmd_process.o
    0x200024d4   0x00000054   Zero   RW          298    .bss                cmd_queue.o
    0x20002528   0x00001288   Zero   RW          332    .bss                os_core.o
    0x200037b0   0x0000aa00   Zero   RW          486    .bss                malloc.o
    0x2000e1b0   0x00000060   Zero   RW          874    .bss                c_w.l(libspace.o)
    0x2000e210   0x00000000   Zero   RW          566    HEAP                startup_stm32f10x_hd.o
    0x2000e210   0x00000800   Zero   RW          565    STACK               startup_stm32f10x_hd.o



  Load Region LR$$.ARM.__AT_0x68000000 (Base: 0x68000000, Size: 0x00000000, Max: 0x00032000, ABSOLUTE)

    Execution Region ER$$.ARM.__AT_0x68000000 (Base: 0x68000000, Size: 0x00032000, Max: 0x00032000, ABSOLUTE, UNINIT)

    Base Addr    Size         Type   Attr      Idx    E Section Name        Object

    0x68000000   0x00032000   Zero   RW          484    .ARM.__AT_0x68000000  malloc.o



  Load Region LR$$.ARM.__AT_0x68032000 (Base: 0x68032000, Size: 0x00000000, Max: 0x00003200, ABSOLUTE)

    Execution Region ER$$.ARM.__AT_0x68032000 (Base: 0x68032000, Size: 0x00003200, Max: 0x00003200, ABSOLUTE, UNINIT)

    Base Addr    Size         Type   Attr      Idx    E Section Name        Object

    0x68032000   0x00003200   Zero   RW          485    .ARM.__AT_0x68032000  malloc.o


==============================================================================

Image component sizes


      Code (inc. data)   RO Data    RW Data    ZI Data      Debug   Object Name

      3992        380          0         36         20       7852   cmd_process.o
       348         14          0          4         84       2108   cmd_queue.o
       260         14          0          4          0       1235   delay.o
       284         34          0          0          0        719   exit.o
      6758          0          0          0          0      23627   hmi_driver.o
       156         14          0          0          0        387   led.o
      1744        228        178         96       6400      16568   main.o
       560         18         24         28     261120       4296   malloc.o
       420         64          0          0        198       1156   motor.o
      2224        220        256         92       4744      15339   os_core.o
       180         36          0          0          0        296   os_cpu_a.o
       212          4          0          6          0      11143   os_cpu_c.o
      2072         40          0          0          0      14760   os_flag.o
      1512         30          0          0          0       5381   os_q.o
       908         18          0          0          0       3730   os_sem.o
      1996         70          0          0          0       7313   os_task.o
       440         30          0          0          0       1714   os_time.o
      1588         94          0          0          0       5361   os_tmr.o
        72         26        304          0       2048        784   startup_stm32f10x_hd.o
      3308        410          0         98       2424       5156   steer.o
       756         52          0          0          0       2695   sys.o
       576         36          0          4          0       1166   timer.o
       384         34          0          4          0       1278   uart2.o
       304         22          0          0          0       1092   uart3.o
       308         16          0          8          0       3044   usart.o

    ----------------------------------------------------------------------
     31364       1904        798        384     277040     138200   Object Totals
         0          0         32          0          0          0   (incl. Generated)
         2          0          4          4          2          0   (incl. Padding)

    ----------------------------------------------------------------------

      Code (inc. data)   RO Data    RW Data    ZI Data      Debug   Library Member Name

        60          8          0          0          0         84   __0sscanf.o
        90          0          0          0          0          0   __dczerorl2.o
         8          0          0          0          0         68   __main.o
       184          0          0          0          0         84   __printf_ss.o
        52          8          0          0          0          0   __scatter.o
        28          0          0          0          0          0   __scatter_zi.o
        28          0          0          0          0         68   _chval.o
        48          6          0          0          0         96   _printf_char_common.o
        36          4          0          0          0         80   _printf_char_file.o
         6          0          0          0          0          0   _printf_d.o
       120         18          0          0          0         92   _printf_dec.o
       184          0          0          0          0         88   _printf_intcommon.o
         0          0          0          0          0          0   _printf_percent.o
         4          0          0          0          0          0   _printf_percent_end.o
        22          0          0          0          0        100   _rserrno.o
       880          4          0          0          0        100   _scanf.o
       336          0          0          0          0         96   _scanf_int.o
        64          0          0          0          0         84   _sgetc.o
        10          0          0          0          0         68   _sputc.o
        12          0          0          0          0         72   exit.o
         8          0          0          0          0         68   ferror.o
         6          0          0          0          0        152   heapauxi.o
        18          0          0          0          0         76   isspace.o
        44         10        272          0          0         76   lc_ctype_c.o
         2          0          0          0          0          0   libinit.o
        20          0          0          0          0          0   libinit2.o
         2          0          0          0          0          0   libshutdown.o
         2          0          0          0          0          0   libshutdown2.o
         8          4          0          0         96         68   libspace.o
        24          4          0          0          0         84   noretval__2printf.o
        40          6          0          0          0         84   noretval__2sprintf.o
        16          4          0          0          0         76   rt_ctype_table.o
         8          4          0          0          0         68   rt_errno_addr_intlibspace.o
         8          4          0          0          0         68   rt_locale_intlibspace.o
         0          0          0          0          0          0   rtentry.o
        12          0          0          0          0          0   rtentry2.o
         6          0          0          0          0          0   rtentry4.o
         2          0          0          0          0          0   rtexit.o
        10          0          0          0          0          0   rtexit2.o
        44          8          0          0          0         84   scanf_char.o
       128          0          0          0          0         68   strcmpv7m.o
        74          0          0          0          0         80   sys_stackheap_outer.o
         2          0          0          0          0         68   use_no_semi.o
         2          0          0          0          0         68   use_no_semi_2.o
        98          4          0          0          0         92   d2f.o
       826         16          0          0          0        348   daddsub_clz.o
        16          4          0          0          0         68   dcheck1.o
        24          0          0          0          0         68   dcmpi.o
       688        140          0          0          0        208   ddiv.o
        94          4          0          0          0         92   dfix.o
        90          4          0          0          0         92   dfixu.o
        84          0          0          0          0        136   dflt_clz.o
       120          4          0          0          0         92   dleqf.o
       340         12          0          0          0        104   dmul.o
       156          4          0          0          0         92   dnaninf.o
        12          0          0          0          0         68   dretinf.o
       108          0          0          0          0         80   drleqf.o
       460         56          0          0          0        120   dsqrt_noumaal.o
        86          4          0          0          0         84   f2d.o
       450          8          0          0          0        236   faddsub_clz.o
        12          4          0          0          0         68   fcheck1.o
        24          0          0          0          0         68   fcmpi.o
       388         76          0          0          0         96   fdiv.o
       104          4          0          0          0         84   feqf.o
       136          8          0          0          0        168   ffix.o
        62          4          0          0          0         84   ffixu.o
        86          0          0          0          0        136   fflt_clz.o
       104          4          0          0          0         84   fleqf.o
       258          4          0          0          0         84   fmul.o
       140          4          0          0          0         84   fnaninf.o
        10          0          0          0          0         68   fretinf.o
        98          0          0          0          0         68   frleqf.o
        96          4          0          0          0         76   frnd.o
       100          0          0          0          0         68   retnan.o
        92          0          0          0          0         68   scalbn.o
        76          0          0          0          0         68   scalbnf.o
        48          0          0          0          0         68   trapv.o
         0          0          0          0          0          0   usenofp.o
       648         62         80          0          0        188   acos.o
       636         52         80          0          0        168   asin.o
       548         70        152          0          0        124   atan.o
       172          8          0          0          0        112   cos.o
       252         22         48          0          0        124   cos_i.o
        16          6          0          0          0         68   dunder.o
       368         44         48          0          0        144   expf.o
        40          0          0          0          0         68   fpclassify.o
        38          0          0          0          0         68   fpclassifyf.o
        10          0          0          0          0         68   funder.o
       170          0          0          0          0         96   poly.o
      2528        190        136          0          0        332   pow.o
      1564         82        320          0          0        248   powf.o
         0          0          8          0          0          0   qnan.o
       904         72        200          0          0        140   rred.o
       344         18         32          0          0         88   rredf.o
       236         12         40          0          0        128   sin_i.o
       396         54          0          0          0        112   sinf.o
        76          0          0          0          0         84   sqrt.o

    ----------------------------------------------------------------------
     17130       1156       1416          0         96       8148   Library Totals
        40          0          0          0          0          0   (incl. Padding)

    ----------------------------------------------------------------------

      Code (inc. data)   RO Data    RW Data    ZI Data      Debug   Library Name

      2658         92        272          0         96       2368   c_w.l
      5486        372          0          0          0       3420   fz_ws.l
      8946        692       1144          0          0       2360   m_ws.l

    ----------------------------------------------------------------------
     17130       1156       1416          0         96       8148   Library Totals

    ----------------------------------------------------------------------

==============================================================================


      Code (inc. data)   RO Data    RW Data    ZI Data      Debug   

     48494       3060       2214        384     277136     139952   Grand Totals
     48494       3060       2214        112     277136     139952   ELF Image Totals (compressed)
     48494       3060       2214        112          0          0   ROM Totals

==============================================================================

    Total RO  Size (Code + RO Data)                50708 (  49.52kB)
    Total RW  Size (RW Data + ZI Data)            277520 ( 271.02kB)
    Total ROM Size (Code + RO Data + RW Data)      50820 (  49.63kB)

==============================================================================

